// Jest Snapshot v1, https://goo.gl/fbAQLP

exports[`Pruebas en <HeroScreen /> debe mostrar el componente redirect si no hay argumentos en el URL  1`] = `""`;
